here3
---------
here4
---------
here1
---------
here0
---------
here2
---------
here3
---------
here4
---------
here0
---------
